Archive member included to satisfy reference by file (symbol)

/home/gilad/opt/riscv32/lib/gcc/riscv32-unknown-elf/15.1.0/libgcc.a(muldi3.o)
                              simple.o (__mulsi3)
/home/gilad/opt/riscv32/lib/gcc/riscv32-unknown-elf/15.1.0/../../../../riscv32-unknown-elf/lib/libc_nano.a(libc_a-atexit.o)
                              crt0.o (atexit)
/home/gilad/opt/riscv32/lib/gcc/riscv32-unknown-elf/15.1.0/../../../../riscv32-unknown-elf/lib/libc_nano.a(libc_a-exit.o)
                              crt0.o (exit)
/home/gilad/opt/riscv32/lib/gcc/riscv32-unknown-elf/15.1.0/../../../../riscv32-unknown-elf/lib/libc_nano.a(libc_a-findfp.o)
                              /home/gilad/opt/riscv32/lib/gcc/riscv32-unknown-elf/15.1.0/../../../../riscv32-unknown-elf/lib/libc_nano.a(libc_a-exit.o) (__stdio_exit_handler)
/home/gilad/opt/riscv32/lib/gcc/riscv32-unknown-elf/15.1.0/../../../../riscv32-unknown-elf/lib/libc_nano.a(libc_a-fwalk.o)
                              /home/gilad/opt/riscv32/lib/gcc/riscv32-unknown-elf/15.1.0/../../../../riscv32-unknown-elf/lib/libc_nano.a(libc_a-findfp.o) (_fwalk_sglue)
/home/gilad/opt/riscv32/lib/gcc/riscv32-unknown-elf/15.1.0/../../../../riscv32-unknown-elf/lib/libc_nano.a(libc_a-printf.o)
                              simple.o (printf)
/home/gilad/opt/riscv32/lib/gcc/riscv32-unknown-elf/15.1.0/../../../../riscv32-unknown-elf/lib/libc_nano.a(libc_a-stdio.o)
                              /home/gilad/opt/riscv32/lib/gcc/riscv32-unknown-elf/15.1.0/../../../../riscv32-unknown-elf/lib/libc_nano.a(libc_a-findfp.o) (__sread)
/home/gilad/opt/riscv32/lib/gcc/riscv32-unknown-elf/15.1.0/../../../../riscv32-unknown-elf/lib/libc_nano.a(libc_a-impure.o)
                              /home/gilad/opt/riscv32/lib/gcc/riscv32-unknown-elf/15.1.0/../../../../riscv32-unknown-elf/lib/libc_nano.a(libc_a-printf.o) (_impure_ptr)
/home/gilad/opt/riscv32/lib/gcc/riscv32-unknown-elf/15.1.0/../../../../riscv32-unknown-elf/lib/libc_nano.a(libc_a-errno.o)
                              simple.o (__errno)
/home/gilad/opt/riscv32/lib/gcc/riscv32-unknown-elf/15.1.0/../../../../riscv32-unknown-elf/lib/libc_nano.a(libc_a-init.o)
                              crt0.o (__libc_init_array)
/home/gilad/opt/riscv32/lib/gcc/riscv32-unknown-elf/15.1.0/../../../../riscv32-unknown-elf/lib/libc_nano.a(libc_a-fini.o)
                              crt0.o (__libc_fini_array)
/home/gilad/opt/riscv32/lib/gcc/riscv32-unknown-elf/15.1.0/../../../../riscv32-unknown-elf/lib/libc_nano.a(libc_a-memset.o)
                              crt0.o (memset)
/home/gilad/opt/riscv32/lib/gcc/riscv32-unknown-elf/15.1.0/../../../../riscv32-unknown-elf/lib/libc_nano.a(libc_a-memcpy-asm.o)
                              simple.o (memcpy)
/home/gilad/opt/riscv32/lib/gcc/riscv32-unknown-elf/15.1.0/../../../../riscv32-unknown-elf/lib/libc_nano.a(libc_a-__atexit.o)
                              /home/gilad/opt/riscv32/lib/gcc/riscv32-unknown-elf/15.1.0/../../../../riscv32-unknown-elf/lib/libc_nano.a(libc_a-atexit.o) (__register_exitproc)
/home/gilad/opt/riscv32/lib/gcc/riscv32-unknown-elf/15.1.0/../../../../riscv32-unknown-elf/lib/libc_nano.a(libc_a-__call_atexit.o)
                              /home/gilad/opt/riscv32/lib/gcc/riscv32-unknown-elf/15.1.0/../../../../riscv32-unknown-elf/lib/libc_nano.a(libc_a-__atexit.o) (__call_exitprocs)
/home/gilad/opt/riscv32/lib/gcc/riscv32-unknown-elf/15.1.0/../../../../riscv32-unknown-elf/lib/libc_nano.a(libc_a-mallocr.o)
                              /home/gilad/opt/riscv32/lib/gcc/riscv32-unknown-elf/15.1.0/../../../../riscv32-unknown-elf/lib/libc_nano.a(libc_a-findfp.o) (_malloc_r)
/home/gilad/opt/riscv32/lib/gcc/riscv32-unknown-elf/15.1.0/../../../../riscv32-unknown-elf/lib/libc_nano.a(libc_a-mlock.o)
                              /home/gilad/opt/riscv32/lib/gcc/riscv32-unknown-elf/15.1.0/../../../../riscv32-unknown-elf/lib/libc_nano.a(libc_a-mallocr.o) (__malloc_lock)
/home/gilad/opt/riscv32/lib/gcc/riscv32-unknown-elf/15.1.0/../../../../riscv32-unknown-elf/lib/libc_nano.a(libc_a-nano-vfprintf.o)
                              /home/gilad/opt/riscv32/lib/gcc/riscv32-unknown-elf/15.1.0/../../../../riscv32-unknown-elf/lib/libc_nano.a(libc_a-printf.o) (_vfprintf_r)
/home/gilad/opt/riscv32/lib/gcc/riscv32-unknown-elf/15.1.0/../../../../riscv32-unknown-elf/lib/libc_nano.a(libc_a-nano-vfprintf_i.o)
                              /home/gilad/opt/riscv32/lib/gcc/riscv32-unknown-elf/15.1.0/../../../../riscv32-unknown-elf/lib/libc_nano.a(libc_a-nano-vfprintf.o) (_printf_i)
/home/gilad/opt/riscv32/lib/gcc/riscv32-unknown-elf/15.1.0/../../../../riscv32-unknown-elf/lib/libc_nano.a(libc_a-fflush.o)
                              /home/gilad/opt/riscv32/lib/gcc/riscv32-unknown-elf/15.1.0/../../../../riscv32-unknown-elf/lib/libc_nano.a(libc_a-findfp.o) (_fflush_r)
/home/gilad/opt/riscv32/lib/gcc/riscv32-unknown-elf/15.1.0/../../../../riscv32-unknown-elf/lib/libc_nano.a(libc_a-fvwrite.o)
                              /home/gilad/opt/riscv32/lib/gcc/riscv32-unknown-elf/15.1.0/../../../../riscv32-unknown-elf/lib/libc_nano.a(libc_a-nano-vfprintf.o) (__sfvwrite_r)
/home/gilad/opt/riscv32/lib/gcc/riscv32-unknown-elf/15.1.0/../../../../riscv32-unknown-elf/lib/libc_nano.a(libc_a-wbuf.o)
                              /home/gilad/opt/riscv32/lib/gcc/riscv32-unknown-elf/15.1.0/../../../../riscv32-unknown-elf/lib/libc_nano.a(libc_a-nano-vfprintf.o) (__swbuf_r)
/home/gilad/opt/riscv32/lib/gcc/riscv32-unknown-elf/15.1.0/../../../../riscv32-unknown-elf/lib/libc_nano.a(libc_a-wsetup.o)
                              /home/gilad/opt/riscv32/lib/gcc/riscv32-unknown-elf/15.1.0/../../../../riscv32-unknown-elf/lib/libc_nano.a(libc_a-nano-vfprintf.o) (__swsetup_r)
/home/gilad/opt/riscv32/lib/gcc/riscv32-unknown-elf/15.1.0/../../../../riscv32-unknown-elf/lib/libc_nano.a(libc_a-memchr.o)
                              /home/gilad/opt/riscv32/lib/gcc/riscv32-unknown-elf/15.1.0/../../../../riscv32-unknown-elf/lib/libc_nano.a(libc_a-nano-vfprintf.o) (memchr)
/home/gilad/opt/riscv32/lib/gcc/riscv32-unknown-elf/15.1.0/../../../../riscv32-unknown-elf/lib/libc_nano.a(libc_a-sbrkr.o)
                              /home/gilad/opt/riscv32/lib/gcc/riscv32-unknown-elf/15.1.0/../../../../riscv32-unknown-elf/lib/libc_nano.a(libc_a-mallocr.o) (_sbrk_r)
/home/gilad/opt/riscv32/lib/gcc/riscv32-unknown-elf/15.1.0/../../../../riscv32-unknown-elf/lib/libc_nano.a(libc_a-memmove.o)
                              /home/gilad/opt/riscv32/lib/gcc/riscv32-unknown-elf/15.1.0/../../../../riscv32-unknown-elf/lib/libc_nano.a(libc_a-fvwrite.o) (memmove)
/home/gilad/opt/riscv32/lib/gcc/riscv32-unknown-elf/15.1.0/../../../../riscv32-unknown-elf/lib/libc_nano.a(libc_a-freer.o)
                              /home/gilad/opt/riscv32/lib/gcc/riscv32-unknown-elf/15.1.0/../../../../riscv32-unknown-elf/lib/libc_nano.a(libc_a-fflush.o) (_free_r)
/home/gilad/opt/riscv32/lib/gcc/riscv32-unknown-elf/15.1.0/../../../../riscv32-unknown-elf/lib/libc_nano.a(libc_a-reallocr.o)
                              /home/gilad/opt/riscv32/lib/gcc/riscv32-unknown-elf/15.1.0/../../../../riscv32-unknown-elf/lib/libc_nano.a(libc_a-fvwrite.o) (_realloc_r)
/home/gilad/opt/riscv32/lib/gcc/riscv32-unknown-elf/15.1.0/../../../../riscv32-unknown-elf/lib/libc_nano.a(libc_a-makebuf.o)
                              /home/gilad/opt/riscv32/lib/gcc/riscv32-unknown-elf/15.1.0/../../../../riscv32-unknown-elf/lib/libc_nano.a(libc_a-wsetup.o) (__smakebuf_r)
/home/gilad/opt/riscv32/lib/gcc/riscv32-unknown-elf/15.1.0/../../../../riscv32-unknown-elf/lib/libc_nano.a(libc_a-reent.o)
                              /home/gilad/opt/riscv32/lib/gcc/riscv32-unknown-elf/15.1.0/../../../../riscv32-unknown-elf/lib/libc_nano.a(libc_a-sbrkr.o) (errno)
/home/gilad/opt/riscv32/lib/gcc/riscv32-unknown-elf/15.1.0/../../../../riscv32-unknown-elf/lib/libc_nano.a(libc_a-msizer.o)
                              /home/gilad/opt/riscv32/lib/gcc/riscv32-unknown-elf/15.1.0/../../../../riscv32-unknown-elf/lib/libc_nano.a(libc_a-reallocr.o) (_malloc_usable_size_r)
/home/gilad/opt/riscv32/lib/gcc/riscv32-unknown-elf/15.1.0/libgcc.a(div.o)
                              /home/gilad/opt/riscv32/lib/gcc/riscv32-unknown-elf/15.1.0/../../../../riscv32-unknown-elf/lib/libc_nano.a(libc_a-nano-vfprintf_i.o) (__udivsi3)

Discarded input sections

 .text          0x00000000        0x0 crt0.o
 .data          0x00000000        0x0 crt0.o
 .bss           0x00000000        0x0 crt0.o
 .bss           0x00000000       0x10 simple.o
 .data          0x00000000        0x0 /home/gilad/opt/riscv32/lib/gcc/riscv32-unknown-elf/15.1.0/libgcc.a(muldi3.o)
 .bss           0x00000000        0x0 /home/gilad/opt/riscv32/lib/gcc/riscv32-unknown-elf/15.1.0/libgcc.a(muldi3.o)
 .text          0x00000000        0x0 /home/gilad/opt/riscv32/lib/gcc/riscv32-unknown-elf/15.1.0/../../../../riscv32-unknown-elf/lib/libc_nano.a(libc_a-atexit.o)
 .data          0x00000000        0x0 /home/gilad/opt/riscv32/lib/gcc/riscv32-unknown-elf/15.1.0/../../../../riscv32-unknown-elf/lib/libc_nano.a(libc_a-atexit.o)
 .bss           0x00000000        0x0 /home/gilad/opt/riscv32/lib/gcc/riscv32-unknown-elf/15.1.0/../../../../riscv32-unknown-elf/lib/libc_nano.a(libc_a-atexit.o)
 .text          0x00000000        0x0 /home/gilad/opt/riscv32/lib/gcc/riscv32-unknown-elf/15.1.0/../../../../riscv32-unknown-elf/lib/libc_nano.a(libc_a-exit.o)
 .data          0x00000000        0x0 /home/gilad/opt/riscv32/lib/gcc/riscv32-unknown-elf/15.1.0/../../../../riscv32-unknown-elf/lib/libc_nano.a(libc_a-exit.o)
 .bss           0x00000000        0x0 /home/gilad/opt/riscv32/lib/gcc/riscv32-unknown-elf/15.1.0/../../../../riscv32-unknown-elf/lib/libc_nano.a(libc_a-exit.o)
 .text          0x00000000        0x0 /home/gilad/opt/riscv32/lib/gcc/riscv32-unknown-elf/15.1.0/../../../../riscv32-unknown-elf/lib/libc_nano.a(libc_a-findfp.o)
 .data          0x00000000        0x0 /home/gilad/opt/riscv32/lib/gcc/riscv32-unknown-elf/15.1.0/../../../../riscv32-unknown-elf/lib/libc_nano.a(libc_a-findfp.o)
 .bss           0x00000000        0x0 /home/gilad/opt/riscv32/lib/gcc/riscv32-unknown-elf/15.1.0/../../../../riscv32-unknown-elf/lib/libc_nano.a(libc_a-findfp.o)
 .text.__fp_lock
                0x00000000        0x8 /home/gilad/opt/riscv32/lib/gcc/riscv32-unknown-elf/15.1.0/../../../../riscv32-unknown-elf/lib/libc_nano.a(libc_a-findfp.o)
 .text.__fp_unlock
                0x00000000        0x8 /home/gilad/opt/riscv32/lib/gcc/riscv32-unknown-elf/15.1.0/../../../../riscv32-unknown-elf/lib/libc_nano.a(libc_a-findfp.o)
 .text.__sfp    0x00000000      0x11c /home/gilad/opt/riscv32/lib/gcc/riscv32-unknown-elf/15.1.0/../../../../riscv32-unknown-elf/lib/libc_nano.a(libc_a-findfp.o)
 .text.__sfp_lock_acquire
                0x00000000        0x4 /home/gilad/opt/riscv32/lib/gcc/riscv32-unknown-elf/15.1.0/../../../../riscv32-unknown-elf/lib/libc_nano.a(libc_a-findfp.o)
 .text.__sfp_lock_release
                0x00000000        0x4 /home/gilad/opt/riscv32/lib/gcc/riscv32-unknown-elf/15.1.0/../../../../riscv32-unknown-elf/lib/libc_nano.a(libc_a-findfp.o)
 .text.__fp_lock_all
                0x00000000       0x1c /home/gilad/opt/riscv32/lib/gcc/riscv32-unknown-elf/15.1.0/../../../../riscv32-unknown-elf/lib/libc_nano.a(libc_a-findfp.o)
 .text.__fp_unlock_all
                0x00000000       0x1c /home/gilad/opt/riscv32/lib/gcc/riscv32-unknown-elf/15.1.0/../../../../riscv32-unknown-elf/lib/libc_nano.a(libc_a-findfp.o)
 .text          0x00000000        0x0 /home/gilad/opt/riscv32/lib/gcc/riscv32-unknown-elf/15.1.0/../../../../riscv32-unknown-elf/lib/libc_nano.a(libc_a-fwalk.o)
 .data          0x00000000        0x0 /home/gilad/opt/riscv32/lib/gcc/riscv32-unknown-elf/15.1.0/../../../../riscv32-unknown-elf/lib/libc_nano.a(libc_a-fwalk.o)
 .bss           0x00000000        0x0 /home/gilad/opt/riscv32/lib/gcc/riscv32-unknown-elf/15.1.0/../../../../riscv32-unknown-elf/lib/libc_nano.a(libc_a-fwalk.o)
 .text          0x00000000        0x0 /home/gilad/opt/riscv32/lib/gcc/riscv32-unknown-elf/15.1.0/../../../../riscv32-unknown-elf/lib/libc_nano.a(libc_a-printf.o)
 .data          0x00000000        0x0 /home/gilad/opt/riscv32/lib/gcc/riscv32-unknown-elf/15.1.0/../../../../riscv32-unknown-elf/lib/libc_nano.a(libc_a-printf.o)
 .bss           0x00000000        0x0 /home/gilad/opt/riscv32/lib/gcc/riscv32-unknown-elf/15.1.0/../../../../riscv32-unknown-elf/lib/libc_nano.a(libc_a-printf.o)
 .text._printf_r
                0x00000000       0x44 /home/gilad/opt/riscv32/lib/gcc/riscv32-unknown-elf/15.1.0/../../../../riscv32-unknown-elf/lib/libc_nano.a(libc_a-printf.o)
 .text          0x00000000        0x0 /home/gilad/opt/riscv32/lib/gcc/riscv32-unknown-elf/15.1.0/../../../../riscv32-unknown-elf/lib/libc_nano.a(libc_a-stdio.o)
 .data          0x00000000        0x0 /home/gilad/opt/riscv32/lib/gcc/riscv32-unknown-elf/15.1.0/../../../../riscv32-unknown-elf/lib/libc_nano.a(libc_a-stdio.o)
 .bss           0x00000000        0x0 /home/gilad/opt/riscv32/lib/gcc/riscv32-unknown-elf/15.1.0/../../../../riscv32-unknown-elf/lib/libc_nano.a(libc_a-stdio.o)
 .text.__seofread
                0x00000000        0x8 /home/gilad/opt/riscv32/lib/gcc/riscv32-unknown-elf/15.1.0/../../../../riscv32-unknown-elf/lib/libc_nano.a(libc_a-stdio.o)
 .text          0x00000000        0x0 /home/gilad/opt/riscv32/lib/gcc/riscv32-unknown-elf/15.1.0/../../../../riscv32-unknown-elf/lib/libc_nano.a(libc_a-impure.o)
 .data          0x00000000        0x0 /home/gilad/opt/riscv32/lib/gcc/riscv32-unknown-elf/15.1.0/../../../../riscv32-unknown-elf/lib/libc_nano.a(libc_a-impure.o)
 .bss           0x00000000        0x0 /home/gilad/opt/riscv32/lib/gcc/riscv32-unknown-elf/15.1.0/../../../../riscv32-unknown-elf/lib/libc_nano.a(libc_a-impure.o)
 .text          0x00000000        0x0 /home/gilad/opt/riscv32/lib/gcc/riscv32-unknown-elf/15.1.0/../../../../riscv32-unknown-elf/lib/libc_nano.a(libc_a-errno.o)
 .data          0x00000000        0x0 /home/gilad/opt/riscv32/lib/gcc/riscv32-unknown-elf/15.1.0/../../../../riscv32-unknown-elf/lib/libc_nano.a(libc_a-errno.o)
 .bss           0x00000000        0x0 /home/gilad/opt/riscv32/lib/gcc/riscv32-unknown-elf/15.1.0/../../../../riscv32-unknown-elf/lib/libc_nano.a(libc_a-errno.o)
 .text          0x00000000        0x0 /home/gilad/opt/riscv32/lib/gcc/riscv32-unknown-elf/15.1.0/../../../../riscv32-unknown-elf/lib/libc_nano.a(libc_a-init.o)
 .data          0x00000000        0x0 /home/gilad/opt/riscv32/lib/gcc/riscv32-unknown-elf/15.1.0/../../../../riscv32-unknown-elf/lib/libc_nano.a(libc_a-init.o)
 .bss           0x00000000        0x0 /home/gilad/opt/riscv32/lib/gcc/riscv32-unknown-elf/15.1.0/../../../../riscv32-unknown-elf/lib/libc_nano.a(libc_a-init.o)
 .text          0x00000000        0x0 /home/gilad/opt/riscv32/lib/gcc/riscv32-unknown-elf/15.1.0/../../../../riscv32-unknown-elf/lib/libc_nano.a(libc_a-fini.o)
 .data          0x00000000        0x0 /home/gilad/opt/riscv32/lib/gcc/riscv32-unknown-elf/15.1.0/../../../../riscv32-unknown-elf/lib/libc_nano.a(libc_a-fini.o)
 .bss           0x00000000        0x0 /home/gilad/opt/riscv32/lib/gcc/riscv32-unknown-elf/15.1.0/../../../../riscv32-unknown-elf/lib/libc_nano.a(libc_a-fini.o)
 .data          0x00000000        0x0 /home/gilad/opt/riscv32/lib/gcc/riscv32-unknown-elf/15.1.0/../../../../riscv32-unknown-elf/lib/libc_nano.a(libc_a-memset.o)
 .bss           0x00000000        0x0 /home/gilad/opt/riscv32/lib/gcc/riscv32-unknown-elf/15.1.0/../../../../riscv32-unknown-elf/lib/libc_nano.a(libc_a-memset.o)
 .data          0x00000000        0x0 /home/gilad/opt/riscv32/lib/gcc/riscv32-unknown-elf/15.1.0/../../../../riscv32-unknown-elf/lib/libc_nano.a(libc_a-memcpy-asm.o)
 .bss           0x00000000        0x0 /home/gilad/opt/riscv32/lib/gcc/riscv32-unknown-elf/15.1.0/../../../../riscv32-unknown-elf/lib/libc_nano.a(libc_a-memcpy-asm.o)
 .text          0x00000000        0x0 /home/gilad/opt/riscv32/lib/gcc/riscv32-unknown-elf/15.1.0/../../../../riscv32-unknown-elf/lib/libc_nano.a(libc_a-__atexit.o)
 .data          0x00000000        0x0 /home/gilad/opt/riscv32/lib/gcc/riscv32-unknown-elf/15.1.0/../../../../riscv32-unknown-elf/lib/libc_nano.a(libc_a-__atexit.o)
 .bss           0x00000000        0x0 /home/gilad/opt/riscv32/lib/gcc/riscv32-unknown-elf/15.1.0/../../../../riscv32-unknown-elf/lib/libc_nano.a(libc_a-__atexit.o)
 .sdata.__atexit_dummy
                0x00000000        0x4 /home/gilad/opt/riscv32/lib/gcc/riscv32-unknown-elf/15.1.0/../../../../riscv32-unknown-elf/lib/libc_nano.a(libc_a-__atexit.o)
 .text          0x00000000        0x0 /home/gilad/opt/riscv32/lib/gcc/riscv32-unknown-elf/15.1.0/../../../../riscv32-unknown-elf/lib/libc_nano.a(libc_a-__call_atexit.o)
 .data          0x00000000        0x0 /home/gilad/opt/riscv32/lib/gcc/riscv32-unknown-elf/15.1.0/../../../../riscv32-unknown-elf/lib/libc_nano.a(libc_a-__call_atexit.o)
 .bss           0x00000000        0x0 /home/gilad/opt/riscv32/lib/gcc/riscv32-unknown-elf/15.1.0/../../../../riscv32-unknown-elf/lib/libc_nano.a(libc_a-__call_atexit.o)
 .text          0x00000000        0x0 /home/gilad/opt/riscv32/lib/gcc/riscv32-unknown-elf/15.1.0/../../../../riscv32-unknown-elf/lib/libc_nano.a(libc_a-mallocr.o)
 .data          0x00000000        0x0 /home/gilad/opt/riscv32/lib/gcc/riscv32-unknown-elf/15.1.0/../../../../riscv32-unknown-elf/lib/libc_nano.a(libc_a-mallocr.o)
 .bss           0x00000000        0x0 /home/gilad/opt/riscv32/lib/gcc/riscv32-unknown-elf/15.1.0/../../../../riscv32-unknown-elf/lib/libc_nano.a(libc_a-mallocr.o)
 .text          0x00000000        0x0 /home/gilad/opt/riscv32/lib/gcc/riscv32-unknown-elf/15.1.0/../../../../riscv32-unknown-elf/lib/libc_nano.a(libc_a-mlock.o)
 .data          0x00000000        0x0 /home/gilad/opt/riscv32/lib/gcc/riscv32-unknown-elf/15.1.0/../../../../riscv32-unknown-elf/lib/libc_nano.a(libc_a-mlock.o)
 .bss           0x00000000        0x0 /home/gilad/opt/riscv32/lib/gcc/riscv32-unknown-elf/15.1.0/../../../../riscv32-unknown-elf/lib/libc_nano.a(libc_a-mlock.o)
 .text          0x00000000        0x0 /home/gilad/opt/riscv32/lib/gcc/riscv32-unknown-elf/15.1.0/../../../../riscv32-unknown-elf/lib/libc_nano.a(libc_a-nano-vfprintf.o)
 .data          0x00000000        0x0 /home/gilad/opt/riscv32/lib/gcc/riscv32-unknown-elf/15.1.0/../../../../riscv32-unknown-elf/lib/libc_nano.a(libc_a-nano-vfprintf.o)
 .bss           0x00000000        0x0 /home/gilad/opt/riscv32/lib/gcc/riscv32-unknown-elf/15.1.0/../../../../riscv32-unknown-elf/lib/libc_nano.a(libc_a-nano-vfprintf.o)
 .text.__sprint_r
                0x00000000       0x40 /home/gilad/opt/riscv32/lib/gcc/riscv32-unknown-elf/15.1.0/../../../../riscv32-unknown-elf/lib/libc_nano.a(libc_a-nano-vfprintf.o)
 .text.vfprintf
                0x00000000       0x1c /home/gilad/opt/riscv32/lib/gcc/riscv32-unknown-elf/15.1.0/../../../../riscv32-unknown-elf/lib/libc_nano.a(libc_a-nano-vfprintf.o)
 .text          0x00000000        0x0 /home/gilad/opt/riscv32/lib/gcc/riscv32-unknown-elf/15.1.0/../../../../riscv32-unknown-elf/lib/libc_nano.a(libc_a-nano-vfprintf_i.o)
 .data          0x00000000        0x0 /home/gilad/opt/riscv32/lib/gcc/riscv32-unknown-elf/15.1.0/../../../../riscv32-unknown-elf/lib/libc_nano.a(libc_a-nano-vfprintf_i.o)
 .bss           0x00000000        0x0 /home/gilad/opt/riscv32/lib/gcc/riscv32-unknown-elf/15.1.0/../../../../riscv32-unknown-elf/lib/libc_nano.a(libc_a-nano-vfprintf_i.o)
 .text          0x00000000        0x0 /home/gilad/opt/riscv32/lib/gcc/riscv32-unknown-elf/15.1.0/../../../../riscv32-unknown-elf/lib/libc_nano.a(libc_a-fflush.o)
 .data          0x00000000        0x0 /home/gilad/opt/riscv32/lib/gcc/riscv32-unknown-elf/15.1.0/../../../../riscv32-unknown-elf/lib/libc_nano.a(libc_a-fflush.o)
 .bss           0x00000000        0x0 /home/gilad/opt/riscv32/lib/gcc/riscv32-unknown-elf/15.1.0/../../../../riscv32-unknown-elf/lib/libc_nano.a(libc_a-fflush.o)
 .text.fflush   0x00000000       0x38 /home/gilad/opt/riscv32/lib/gcc/riscv32-unknown-elf/15.1.0/../../../../riscv32-unknown-elf/lib/libc_nano.a(libc_a-fflush.o)
 .text          0x00000000        0x0 /home/gilad/opt/riscv32/lib/gcc/riscv32-unknown-elf/15.1.0/../../../../riscv32-unknown-elf/lib/libc_nano.a(libc_a-fvwrite.o)
 .data          0x00000000        0x0 /home/gilad/opt/riscv32/lib/gcc/riscv32-unknown-elf/15.1.0/../../../../riscv32-unknown-elf/lib/libc_nano.a(libc_a-fvwrite.o)
 .bss           0x00000000        0x0 /home/gilad/opt/riscv32/lib/gcc/riscv32-unknown-elf/15.1.0/../../../../riscv32-unknown-elf/lib/libc_nano.a(libc_a-fvwrite.o)
 .text.__sfvwrite_r
                0x00000000      0x490 /home/gilad/opt/riscv32/lib/gcc/riscv32-unknown-elf/15.1.0/../../../../riscv32-unknown-elf/lib/libc_nano.a(libc_a-fvwrite.o)
 .comment       0x00000000       0x13 /home/gilad/opt/riscv32/lib/gcc/riscv32-unknown-elf/15.1.0/../../../../riscv32-unknown-elf/lib/libc_nano.a(libc_a-fvwrite.o)
 .note.GNU-stack
                0x00000000        0x0 /home/gilad/opt/riscv32/lib/gcc/riscv32-unknown-elf/15.1.0/../../../../riscv32-unknown-elf/lib/libc_nano.a(libc_a-fvwrite.o)
 .riscv.attributes
                0x00000000       0x1c /home/gilad/opt/riscv32/lib/gcc/riscv32-unknown-elf/15.1.0/../../../../riscv32-unknown-elf/lib/libc_nano.a(libc_a-fvwrite.o)
 .text          0x00000000        0x0 /home/gilad/opt/riscv32/lib/gcc/riscv32-unknown-elf/15.1.0/../../../../riscv32-unknown-elf/lib/libc_nano.a(libc_a-wbuf.o)
 .data          0x00000000        0x0 /home/gilad/opt/riscv32/lib/gcc/riscv32-unknown-elf/15.1.0/../../../../riscv32-unknown-elf/lib/libc_nano.a(libc_a-wbuf.o)
 .bss           0x00000000        0x0 /home/gilad/opt/riscv32/lib/gcc/riscv32-unknown-elf/15.1.0/../../../../riscv32-unknown-elf/lib/libc_nano.a(libc_a-wbuf.o)
 .text.__swbuf  0x00000000       0x18 /home/gilad/opt/riscv32/lib/gcc/riscv32-unknown-elf/15.1.0/../../../../riscv32-unknown-elf/lib/libc_nano.a(libc_a-wbuf.o)
 .text          0x00000000        0x0 /home/gilad/opt/riscv32/lib/gcc/riscv32-unknown-elf/15.1.0/../../../../riscv32-unknown-elf/lib/libc_nano.a(libc_a-wsetup.o)
 .data          0x00000000        0x0 /home/gilad/opt/riscv32/lib/gcc/riscv32-unknown-elf/15.1.0/../../../../riscv32-unknown-elf/lib/libc_nano.a(libc_a-wsetup.o)
 .bss           0x00000000        0x0 /home/gilad/opt/riscv32/lib/gcc/riscv32-unknown-elf/15.1.0/../../../../riscv32-unknown-elf/lib/libc_nano.a(libc_a-wsetup.o)
 .text          0x00000000        0x0 /home/gilad/opt/riscv32/lib/gcc/riscv32-unknown-elf/15.1.0/../../../../riscv32-unknown-elf/lib/libc_nano.a(libc_a-memchr.o)
 .data          0x00000000        0x0 /home/gilad/opt/riscv32/lib/gcc/riscv32-unknown-elf/15.1.0/../../../../riscv32-unknown-elf/lib/libc_nano.a(libc_a-memchr.o)
 .bss           0x00000000        0x0 /home/gilad/opt/riscv32/lib/gcc/riscv32-unknown-elf/15.1.0/../../../../riscv32-unknown-elf/lib/libc_nano.a(libc_a-memchr.o)
 .text          0x00000000        0x0 /home/gilad/opt/riscv32/lib/gcc/riscv32-unknown-elf/15.1.0/../../../../riscv32-unknown-elf/lib/libc_nano.a(libc_a-sbrkr.o)
 .data          0x00000000        0x0 /home/gilad/opt/riscv32/lib/gcc/riscv32-unknown-elf/15.1.0/../../../../riscv32-unknown-elf/lib/libc_nano.a(libc_a-sbrkr.o)
 .bss           0x00000000        0x0 /home/gilad/opt/riscv32/lib/gcc/riscv32-unknown-elf/15.1.0/../../../../riscv32-unknown-elf/lib/libc_nano.a(libc_a-sbrkr.o)
 .text          0x00000000       0x3c /home/gilad/opt/riscv32/lib/gcc/riscv32-unknown-elf/15.1.0/../../../../riscv32-unknown-elf/lib/libc_nano.a(libc_a-memmove.o)
 .data          0x00000000        0x0 /home/gilad/opt/riscv32/lib/gcc/riscv32-unknown-elf/15.1.0/../../../../riscv32-unknown-elf/lib/libc_nano.a(libc_a-memmove.o)
 .bss           0x00000000        0x0 /home/gilad/opt/riscv32/lib/gcc/riscv32-unknown-elf/15.1.0/../../../../riscv32-unknown-elf/lib/libc_nano.a(libc_a-memmove.o)
 .riscv.attributes
                0x00000000       0x1a /home/gilad/opt/riscv32/lib/gcc/riscv32-unknown-elf/15.1.0/../../../../riscv32-unknown-elf/lib/libc_nano.a(libc_a-memmove.o)
 .text          0x00000000        0x0 /home/gilad/opt/riscv32/lib/gcc/riscv32-unknown-elf/15.1.0/../../../../riscv32-unknown-elf/lib/libc_nano.a(libc_a-freer.o)
 .data          0x00000000        0x0 /home/gilad/opt/riscv32/lib/gcc/riscv32-unknown-elf/15.1.0/../../../../riscv32-unknown-elf/lib/libc_nano.a(libc_a-freer.o)
 .bss           0x00000000        0x0 /home/gilad/opt/riscv32/lib/gcc/riscv32-unknown-elf/15.1.0/../../../../riscv32-unknown-elf/lib/libc_nano.a(libc_a-freer.o)
 .text          0x00000000        0x0 /home/gilad/opt/riscv32/lib/gcc/riscv32-unknown-elf/15.1.0/../../../../riscv32-unknown-elf/lib/libc_nano.a(libc_a-reallocr.o)
 .data          0x00000000        0x0 /home/gilad/opt/riscv32/lib/gcc/riscv32-unknown-elf/15.1.0/../../../../riscv32-unknown-elf/lib/libc_nano.a(libc_a-reallocr.o)
 .bss           0x00000000        0x0 /home/gilad/opt/riscv32/lib/gcc/riscv32-unknown-elf/15.1.0/../../../../riscv32-unknown-elf/lib/libc_nano.a(libc_a-reallocr.o)
 .text._realloc_r
                0x00000000       0xd4 /home/gilad/opt/riscv32/lib/gcc/riscv32-unknown-elf/15.1.0/../../../../riscv32-unknown-elf/lib/libc_nano.a(libc_a-reallocr.o)
 .comment       0x00000000       0x13 /home/gilad/opt/riscv32/lib/gcc/riscv32-unknown-elf/15.1.0/../../../../riscv32-unknown-elf/lib/libc_nano.a(libc_a-reallocr.o)
 .note.GNU-stack
                0x00000000        0x0 /home/gilad/opt/riscv32/lib/gcc/riscv32-unknown-elf/15.1.0/../../../../riscv32-unknown-elf/lib/libc_nano.a(libc_a-reallocr.o)
 .riscv.attributes
                0x00000000       0x1c /home/gilad/opt/riscv32/lib/gcc/riscv32-unknown-elf/15.1.0/../../../../riscv32-unknown-elf/lib/libc_nano.a(libc_a-reallocr.o)
 .text          0x00000000        0x0 /home/gilad/opt/riscv32/lib/gcc/riscv32-unknown-elf/15.1.0/../../../../riscv32-unknown-elf/lib/libc_nano.a(libc_a-makebuf.o)
 .data          0x00000000        0x0 /home/gilad/opt/riscv32/lib/gcc/riscv32-unknown-elf/15.1.0/../../../../riscv32-unknown-elf/lib/libc_nano.a(libc_a-makebuf.o)
 .bss           0x00000000        0x0 /home/gilad/opt/riscv32/lib/gcc/riscv32-unknown-elf/15.1.0/../../../../riscv32-unknown-elf/lib/libc_nano.a(libc_a-makebuf.o)
 .text          0x00000000        0x0 /home/gilad/opt/riscv32/lib/gcc/riscv32-unknown-elf/15.1.0/../../../../riscv32-unknown-elf/lib/libc_nano.a(libc_a-reent.o)
 .data          0x00000000        0x0 /home/gilad/opt/riscv32/lib/gcc/riscv32-unknown-elf/15.1.0/../../../../riscv32-unknown-elf/lib/libc_nano.a(libc_a-reent.o)
 .bss           0x00000000        0x0 /home/gilad/opt/riscv32/lib/gcc/riscv32-unknown-elf/15.1.0/../../../../riscv32-unknown-elf/lib/libc_nano.a(libc_a-reent.o)
 .text._reclaim_reent
                0x00000000      0x1ac /home/gilad/opt/riscv32/lib/gcc/riscv32-unknown-elf/15.1.0/../../../../riscv32-unknown-elf/lib/libc_nano.a(libc_a-reent.o)
 .text          0x00000000        0x0 /home/gilad/opt/riscv32/lib/gcc/riscv32-unknown-elf/15.1.0/../../../../riscv32-unknown-elf/lib/libc_nano.a(libc_a-msizer.o)
 .data          0x00000000        0x0 /home/gilad/opt/riscv32/lib/gcc/riscv32-unknown-elf/15.1.0/../../../../riscv32-unknown-elf/lib/libc_nano.a(libc_a-msizer.o)
 .bss           0x00000000        0x0 /home/gilad/opt/riscv32/lib/gcc/riscv32-unknown-elf/15.1.0/../../../../riscv32-unknown-elf/lib/libc_nano.a(libc_a-msizer.o)
 .text._malloc_usable_size_r
                0x00000000       0x1c /home/gilad/opt/riscv32/lib/gcc/riscv32-unknown-elf/15.1.0/../../../../riscv32-unknown-elf/lib/libc_nano.a(libc_a-msizer.o)
 .comment       0x00000000       0x13 /home/gilad/opt/riscv32/lib/gcc/riscv32-unknown-elf/15.1.0/../../../../riscv32-unknown-elf/lib/libc_nano.a(libc_a-msizer.o)
 .note.GNU-stack
                0x00000000        0x0 /home/gilad/opt/riscv32/lib/gcc/riscv32-unknown-elf/15.1.0/../../../../riscv32-unknown-elf/lib/libc_nano.a(libc_a-msizer.o)
 .riscv.attributes
                0x00000000       0x1c /home/gilad/opt/riscv32/lib/gcc/riscv32-unknown-elf/15.1.0/../../../../riscv32-unknown-elf/lib/libc_nano.a(libc_a-msizer.o)
 .data          0x00000000        0x0 /home/gilad/opt/riscv32/lib/gcc/riscv32-unknown-elf/15.1.0/libgcc.a(div.o)
 .bss           0x00000000        0x0 /home/gilad/opt/riscv32/lib/gcc/riscv32-unknown-elf/15.1.0/libgcc.a(div.o)

Memory Configuration

Name             Origin             Length             Attributes
IMEM             0x00000000         0x00020000         xr
DMEM             0x00020000         0x00020000         rw
*default*        0x00000000         0xffffffff

Linker script and memory map

                0x00000000                        . = ORIGIN (IMEM)

.init           0x00000000       0x4c
 *(.init)
 .init          0x00000000       0x4c crt0.o
                0x00000000                _start

.text           0x0000004c     0x1cd0
 *(.text.startup*)
 .text.startup  0x0000004c       0x2c simple.o
                0x0000004c                main
 *(.text*)
 .text          0x00000078      0x22c simple.o
                0x00000078                _write
                0x0000009c                _write_r
                0x000000ac                _close_r
                0x000000b4                _lseek_r
                0x000000bc                _read_r
                0x000000c4                _fstat_r
                0x000000d4                _isatty_r
                0x000000dc                _sbrk
                0x00000120                _close
                0x00000128                _fstat
                0x00000138                _isatty
                0x00000140                _lseek
                0x00000148                _read
                0x00000150                _exit
                0x00000154                mul
                0x00000178                main1
 .text          0x000002a4       0x24 /home/gilad/opt/riscv32/lib/gcc/riscv32-unknown-elf/15.1.0/libgcc.a(muldi3.o)
                0x000002a4                __mulsi3
 .text.atexit   0x000002c8       0x14 /home/gilad/opt/riscv32/lib/gcc/riscv32-unknown-elf/15.1.0/../../../../riscv32-unknown-elf/lib/libc_nano.a(libc_a-atexit.o)
                0x000002c8                atexit
 .text.exit     0x000002dc       0x38 /home/gilad/opt/riscv32/lib/gcc/riscv32-unknown-elf/15.1.0/../../../../riscv32-unknown-elf/lib/libc_nano.a(libc_a-exit.o)
                0x000002dc                exit
 .text.std      0x00000314       0x78 /home/gilad/opt/riscv32/lib/gcc/riscv32-unknown-elf/15.1.0/../../../../riscv32-unknown-elf/lib/libc_nano.a(libc_a-findfp.o)
 .text.stdio_exit_handler
                0x0000038c       0x18 /home/gilad/opt/riscv32/lib/gcc/riscv32-unknown-elf/15.1.0/../../../../riscv32-unknown-elf/lib/libc_nano.a(libc_a-findfp.o)
 .text.cleanup_stdio
                0x000003a4       0x68 /home/gilad/opt/riscv32/lib/gcc/riscv32-unknown-elf/15.1.0/../../../../riscv32-unknown-elf/lib/libc_nano.a(libc_a-findfp.o)
 .text.global_stdio_init.part.0
                0x0000040c       0x4c /home/gilad/opt/riscv32/lib/gcc/riscv32-unknown-elf/15.1.0/../../../../riscv32-unknown-elf/lib/libc_nano.a(libc_a-findfp.o)
 .text.__sinit  0x00000458       0x20 /home/gilad/opt/riscv32/lib/gcc/riscv32-unknown-elf/15.1.0/../../../../riscv32-unknown-elf/lib/libc_nano.a(libc_a-findfp.o)
                0x00000458                __sinit
 .text._fwalk_sglue
                0x00000478       0xa8 /home/gilad/opt/riscv32/lib/gcc/riscv32-unknown-elf/15.1.0/../../../../riscv32-unknown-elf/lib/libc_nano.a(libc_a-fwalk.o)
                0x00000478                _fwalk_sglue
 .text.printf   0x00000520       0x4c /home/gilad/opt/riscv32/lib/gcc/riscv32-unknown-elf/15.1.0/../../../../riscv32-unknown-elf/lib/libc_nano.a(libc_a-printf.o)
                0x00000520                printf
                0x00000520                iprintf
 .text.__sread  0x0000056c       0x50 /home/gilad/opt/riscv32/lib/gcc/riscv32-unknown-elf/15.1.0/../../../../riscv32-unknown-elf/lib/libc_nano.a(libc_a-stdio.o)
                0x0000056c                __sread
 .text.__swrite
                0x000005bc       0x84 /home/gilad/opt/riscv32/lib/gcc/riscv32-unknown-elf/15.1.0/../../../../riscv32-unknown-elf/lib/libc_nano.a(libc_a-stdio.o)
                0x000005bc                __swrite
 .text.__sseek  0x00000640       0x58 /home/gilad/opt/riscv32/lib/gcc/riscv32-unknown-elf/15.1.0/../../../../riscv32-unknown-elf/lib/libc_nano.a(libc_a-stdio.o)
                0x00000640                __sseek
 .text.__sclose
                0x00000698        0x8 /home/gilad/opt/riscv32/lib/gcc/riscv32-unknown-elf/15.1.0/../../../../riscv32-unknown-elf/lib/libc_nano.a(libc_a-stdio.o)
                0x00000698                __sclose
 .text.__errno  0x000006a0        0x8 /home/gilad/opt/riscv32/lib/gcc/riscv32-unknown-elf/15.1.0/../../../../riscv32-unknown-elf/lib/libc_nano.a(libc_a-errno.o)
                0x000006a0                __errno
 .text.__libc_init_array
                0x000006a8       0x84 /home/gilad/opt/riscv32/lib/gcc/riscv32-unknown-elf/15.1.0/../../../../riscv32-unknown-elf/lib/libc_nano.a(libc_a-init.o)
                0x000006a8                __libc_init_array
 .text.__libc_fini_array
                0x0000072c       0x50 /home/gilad/opt/riscv32/lib/gcc/riscv32-unknown-elf/15.1.0/../../../../riscv32-unknown-elf/lib/libc_nano.a(libc_a-fini.o)
                0x0000072c                __libc_fini_array
 .text          0x0000077c       0x1c /home/gilad/opt/riscv32/lib/gcc/riscv32-unknown-elf/15.1.0/../../../../riscv32-unknown-elf/lib/libc_nano.a(libc_a-memset.o)
                0x0000077c                memset
 .text          0x00000798       0x24 /home/gilad/opt/riscv32/lib/gcc/riscv32-unknown-elf/15.1.0/../../../../riscv32-unknown-elf/lib/libc_nano.a(libc_a-memcpy-asm.o)
                0x00000798                memcpy
 .text.__register_exitproc
                0x000007bc       0x94 /home/gilad/opt/riscv32/lib/gcc/riscv32-unknown-elf/15.1.0/../../../../riscv32-unknown-elf/lib/libc_nano.a(libc_a-__atexit.o)
                0x000007bc                __register_exitproc
 .text.__call_exitprocs
                0x00000850      0x12c /home/gilad/opt/riscv32/lib/gcc/riscv32-unknown-elf/15.1.0/../../../../riscv32-unknown-elf/lib/libc_nano.a(libc_a-__call_atexit.o)
                0x00000850                __call_exitprocs
 .text.sbrk_aligned
                0x0000097c       0x84 /home/gilad/opt/riscv32/lib/gcc/riscv32-unknown-elf/15.1.0/../../../../riscv32-unknown-elf/lib/libc_nano.a(libc_a-mallocr.o)
 .text._malloc_r
                0x00000a00      0x1bc /home/gilad/opt/riscv32/lib/gcc/riscv32-unknown-elf/15.1.0/../../../../riscv32-unknown-elf/lib/libc_nano.a(libc_a-mallocr.o)
                0x00000a00                _malloc_r
 .text.__malloc_lock
                0x00000bbc        0x4 /home/gilad/opt/riscv32/lib/gcc/riscv32-unknown-elf/15.1.0/../../../../riscv32-unknown-elf/lib/libc_nano.a(libc_a-mlock.o)
                0x00000bbc                __malloc_lock
 .text.__malloc_unlock
                0x00000bc0        0x4 /home/gilad/opt/riscv32/lib/gcc/riscv32-unknown-elf/15.1.0/../../../../riscv32-unknown-elf/lib/libc_nano.a(libc_a-mlock.o)
                0x00000bc0                __malloc_unlock
 .text.__sfputc_r
                0x00000bc4       0x3c /home/gilad/opt/riscv32/lib/gcc/riscv32-unknown-elf/15.1.0/../../../../riscv32-unknown-elf/lib/libc_nano.a(libc_a-nano-vfprintf.o)
 .text.__sfputs_r
                0x00000c00       0x74 /home/gilad/opt/riscv32/lib/gcc/riscv32-unknown-elf/15.1.0/../../../../riscv32-unknown-elf/lib/libc_nano.a(libc_a-nano-vfprintf.o)
                0x00000c00                __sfputs_r
 .text._vfprintf_r
                0x00000c74      0x38c /home/gilad/opt/riscv32/lib/gcc/riscv32-unknown-elf/15.1.0/../../../../riscv32-unknown-elf/lib/libc_nano.a(libc_a-nano-vfprintf.o)
                0x00000c74                _vfiprintf_r
                0x00000c74                _vfprintf_r
 .text._printf_common
                0x00001000      0x1b4 /home/gilad/opt/riscv32/lib/gcc/riscv32-unknown-elf/15.1.0/../../../../riscv32-unknown-elf/lib/libc_nano.a(libc_a-nano-vfprintf_i.o)
                0x00001000                _printf_common
 .text._printf_i
                0x000011b4      0x3b4 /home/gilad/opt/riscv32/lib/gcc/riscv32-unknown-elf/15.1.0/../../../../riscv32-unknown-elf/lib/libc_nano.a(libc_a-nano-vfprintf_i.o)
                0x000011b4                _printf_i
 .text.__sflush_r
                0x00001568      0x1c8 /home/gilad/opt/riscv32/lib/gcc/riscv32-unknown-elf/15.1.0/../../../../riscv32-unknown-elf/lib/libc_nano.a(libc_a-fflush.o)
                0x00001568                __sflush_r
 .text._fflush_r
                0x00001730       0x68 /home/gilad/opt/riscv32/lib/gcc/riscv32-unknown-elf/15.1.0/../../../../riscv32-unknown-elf/lib/libc_nano.a(libc_a-fflush.o)
                0x00001730                _fflush_r
 .text.__swbuf_r
                0x00001798       0xfc /home/gilad/opt/riscv32/lib/gcc/riscv32-unknown-elf/15.1.0/../../../../riscv32-unknown-elf/lib/libc_nano.a(libc_a-wbuf.o)
                0x00001798                __swbuf_r
 .text.__swsetup_r
                0x00001894      0x118 /home/gilad/opt/riscv32/lib/gcc/riscv32-unknown-elf/15.1.0/../../../../riscv32-unknown-elf/lib/libc_nano.a(libc_a-wsetup.o)
                0x00001894                __swsetup_r
 .text.memchr   0x000019ac       0x24 /home/gilad/opt/riscv32/lib/gcc/riscv32-unknown-elf/15.1.0/../../../../riscv32-unknown-elf/lib/libc_nano.a(libc_a-memchr.o)
                0x000019ac                memchr
 .text._sbrk_r  0x000019d0       0x48 /home/gilad/opt/riscv32/lib/gcc/riscv32-unknown-elf/15.1.0/../../../../riscv32-unknown-elf/lib/libc_nano.a(libc_a-sbrkr.o)
                0x000019d0                _sbrk_r
 .text._free_r  0x00001a18       0xf8 /home/gilad/opt/riscv32/lib/gcc/riscv32-unknown-elf/15.1.0/../../../../riscv32-unknown-elf/lib/libc_nano.a(libc_a-freer.o)
                0x00001a18                _free_r
 .text.__swhatbuf_r
                0x00001b10       0x8c /home/gilad/opt/riscv32/lib/gcc/riscv32-unknown-elf/15.1.0/../../../../riscv32-unknown-elf/lib/libc_nano.a(libc_a-makebuf.o)
                0x00001b10                __swhatbuf_r
 .text.__smakebuf_r
                0x00001b9c       0xcc /home/gilad/opt/riscv32/lib/gcc/riscv32-unknown-elf/15.1.0/../../../../riscv32-unknown-elf/lib/libc_nano.a(libc_a-makebuf.o)
                0x00001b9c                __smakebuf_r
 .text          0x00001c68       0xb4 /home/gilad/opt/riscv32/lib/gcc/riscv32-unknown-elf/15.1.0/libgcc.a(div.o)
                0x00001c68                __divsi3
                0x00001c70                __hidden___udivsi3
                0x00001c70                __udivsi3
                0x00001cb8                __umodsi3
                0x00001cec                __modsi3
                0x00001d1c                        __text_end__ = .
                0x00020000                        . = ORIGIN (DMEM)

.rodata         0x00020000       0xc0
                0x00020000                        __rodata_start__ = .
 *(.rodata*)
 .rodata.str1.4
                0x00020000       0x45 simple.o
                                  0x6 (size before relaxing)
 *fill*         0x00020045        0x3 
 .rodata        0x00020048       0x20 simple.o
                0x00020058                A
 .rodata._vfprintf_r.str1.4
                0x00020068        0x0 /home/gilad/opt/riscv32/lib/gcc/riscv32-unknown-elf/15.1.0/../../../../riscv32-unknown-elf/lib/libc_nano.a(libc_a-nano-vfprintf.o)
                                 0x13 (size before relaxing)
 .rodata._printf_i.str1.4
                0x00020068        0x0 /home/gilad/opt/riscv32/lib/gcc/riscv32-unknown-elf/15.1.0/../../../../riscv32-unknown-elf/lib/libc_nano.a(libc_a-nano-vfprintf_i.o)
                                 0x25 (size before relaxing)
 .rodata._printf_i
                0x00020068       0x58 /home/gilad/opt/riscv32/lib/gcc/riscv32-unknown-elf/15.1.0/../../../../riscv32-unknown-elf/lib/libc_nano.a(libc_a-nano-vfprintf_i.o)
 *(.srodata*)
                0x000200c0                        __rodata_end__ = .

.rela.dyn       0x000200c0        0x0
 .rela.init     0x000200c0        0x0 crt0.o
 .rela.text     0x000200c0        0x0 crt0.o
 .rela.sdata    0x000200c0        0x0 crt0.o
 .rela.text.__libc_init_array
                0x000200c0        0x0 crt0.o
 .rela.text.__libc_fini_array
                0x000200c0        0x0 crt0.o
 .rela.text.__register_exitproc
                0x000200c0        0x0 crt0.o
 .rela.text._vfprintf_r
                0x000200c0        0x0 crt0.o

.data           0x000200c0       0x78
                0x000200c0                        __data_start__ = .
 *(.data*)
 .data          0x000200c0       0x10 simple.o
                0x000200c0                B
 .data.__sglue  0x000200d0        0xc /home/gilad/opt/riscv32/lib/gcc/riscv32-unknown-elf/15.1.0/../../../../riscv32-unknown-elf/lib/libc_nano.a(libc_a-findfp.o)
                0x000200d0                __sglue
 .data._impure_data
                0x000200dc       0x4c /home/gilad/opt/riscv32/lib/gcc/riscv32-unknown-elf/15.1.0/../../../../riscv32-unknown-elf/lib/libc_nano.a(libc_a-impure.o)
                0x000200dc                _impure_data
 *(.sdata*)
 .sdata         0x00020128        0xc simple.o
                0x0002012c                SIM_UART_TX_TEST
                0x00020130                SIM_UART_TX
 .sdata._impure_ptr
                0x00020134        0x4 /home/gilad/opt/riscv32/lib/gcc/riscv32-unknown-elf/15.1.0/../../../../riscv32-unknown-elf/lib/libc_nano.a(libc_a-impure.o)
                0x00020134                _impure_ptr
                0x00020138                        __data_end__ = .
                0x000200c0                        __data_load__ = LOADADDR (.data)
                0x00000078                        __data_size__ = SIZEOF (.data)

.bss            0x00020138      0x1d8
                0x00020138                        __bss_start = .
 *(.bss*)
 .bss.__sf      0x00020138      0x138 /home/gilad/opt/riscv32/lib/gcc/riscv32-unknown-elf/15.1.0/../../../../riscv32-unknown-elf/lib/libc_nano.a(libc_a-findfp.o)
                0x00020138                __sf
 .bss.__atexit0
                0x00020270       0x8c /home/gilad/opt/riscv32/lib/gcc/riscv32-unknown-elf/15.1.0/../../../../riscv32-unknown-elf/lib/libc_nano.a(libc_a-__atexit.o)
                0x00020270                __atexit0
 *(.sbss*)
 .sbss.__stdio_exit_handler
                0x000202fc        0x4 /home/gilad/opt/riscv32/lib/gcc/riscv32-unknown-elf/15.1.0/../../../../riscv32-unknown-elf/lib/libc_nano.a(libc_a-findfp.o)
                0x000202fc                __stdio_exit_handler
 .sbss.__atexit
                0x00020300        0x4 /home/gilad/opt/riscv32/lib/gcc/riscv32-unknown-elf/15.1.0/../../../../riscv32-unknown-elf/lib/libc_nano.a(libc_a-__call_atexit.o)
                0x00020300                __atexit
 .sbss.__malloc_sbrk_start
                0x00020304        0x4 /home/gilad/opt/riscv32/lib/gcc/riscv32-unknown-elf/15.1.0/../../../../riscv32-unknown-elf/lib/libc_nano.a(libc_a-mallocr.o)
                0x00020304                __malloc_sbrk_start
 .sbss.__malloc_free_list
                0x00020308        0x4 /home/gilad/opt/riscv32/lib/gcc/riscv32-unknown-elf/15.1.0/../../../../riscv32-unknown-elf/lib/libc_nano.a(libc_a-mallocr.o)
                0x00020308                __malloc_free_list
 .sbss.errno    0x0002030c        0x4 /home/gilad/opt/riscv32/lib/gcc/riscv32-unknown-elf/15.1.0/../../../../riscv32-unknown-elf/lib/libc_nano.a(libc_a-reent.o)
                0x0002030c                errno
 *(COMMON)
                0x00020310                        _end = .
                0x000001d8                        __bss_size__ = SIZEOF (.bss)

.heap           0x00020310     0x4000
                0x00020310                        __heap_start__ = .
                0x00024310                        . = (. + 0x4000)
 *fill*         0x00020310     0x4000 
                0x00024310                        __heap_end__ = .

.stack          0x00024310    0x1bcf0
                0x00040000                        . = (ORIGIN (DMEM) + LENGTH (DMEM))
 *fill*         0x00024310    0x1bcf0 
                0x00040000                        __stack_top__ = .
                0x000208c0                        PROVIDE (__global_pointer$ = (__data_start__ + 0x800))
LOAD crt0.o
LOAD simple.o
LOAD /home/gilad/opt/riscv32/lib/gcc/riscv32-unknown-elf/15.1.0/libgcc.a
LOAD /home/gilad/opt/riscv32/lib/gcc/riscv32-unknown-elf/15.1.0/../../../../riscv32-unknown-elf/lib/libc_nano.a
LOAD /home/gilad/opt/riscv32/lib/gcc/riscv32-unknown-elf/15.1.0/libgcc.a
LOAD /home/gilad/opt/riscv32/lib/gcc/riscv32-unknown-elf/15.1.0/../../../../riscv32-unknown-elf/lib/libc_nano.a
LOAD /home/gilad/opt/riscv32/lib/gcc/riscv32-unknown-elf/15.1.0/libgcc.a
START GROUP
LOAD /home/gilad/opt/riscv32/lib/gcc/riscv32-unknown-elf/15.1.0/libgcc.a
LOAD /home/gilad/opt/riscv32/lib/gcc/riscv32-unknown-elf/15.1.0/../../../../riscv32-unknown-elf/lib/libc_nano.a
LOAD /home/gilad/opt/riscv32/lib/gcc/riscv32-unknown-elf/15.1.0/../../../../riscv32-unknown-elf/lib/libgloss_nano.a
END GROUP
OUTPUT(hello.elf elf32-littleriscv)

.riscv.attributes
                0x00000000       0x1c
 .riscv.attributes
                0x00000000       0x1a crt0.o
 .riscv.attributes
                0x0000001a       0x1c simple.o
 .riscv.attributes
                0x00000036       0x1a /home/gilad/opt/riscv32/lib/gcc/riscv32-unknown-elf/15.1.0/libgcc.a(muldi3.o)
 .riscv.attributes
                0x00000050       0x1c /home/gilad/opt/riscv32/lib/gcc/riscv32-unknown-elf/15.1.0/../../../../riscv32-unknown-elf/lib/libc_nano.a(libc_a-atexit.o)
 .riscv.attributes
                0x0000006c       0x1c /home/gilad/opt/riscv32/lib/gcc/riscv32-unknown-elf/15.1.0/../../../../riscv32-unknown-elf/lib/libc_nano.a(libc_a-exit.o)
 .riscv.attributes
                0x00000088       0x1c /home/gilad/opt/riscv32/lib/gcc/riscv32-unknown-elf/15.1.0/../../../../riscv32-unknown-elf/lib/libc_nano.a(libc_a-findfp.o)
 .riscv.attributes
                0x000000a4       0x1c /home/gilad/opt/riscv32/lib/gcc/riscv32-unknown-elf/15.1.0/../../../../riscv32-unknown-elf/lib/libc_nano.a(libc_a-fwalk.o)
 .riscv.attributes
                0x000000c0       0x1c /home/gilad/opt/riscv32/lib/gcc/riscv32-unknown-elf/15.1.0/../../../../riscv32-unknown-elf/lib/libc_nano.a(libc_a-printf.o)
 .riscv.attributes
                0x000000dc       0x1c /home/gilad/opt/riscv32/lib/gcc/riscv32-unknown-elf/15.1.0/../../../../riscv32-unknown-elf/lib/libc_nano.a(libc_a-stdio.o)
 .riscv.attributes
                0x000000f8       0x1c /home/gilad/opt/riscv32/lib/gcc/riscv32-unknown-elf/15.1.0/../../../../riscv32-unknown-elf/lib/libc_nano.a(libc_a-impure.o)
 .riscv.attributes
                0x00000114       0x1c /home/gilad/opt/riscv32/lib/gcc/riscv32-unknown-elf/15.1.0/../../../../riscv32-unknown-elf/lib/libc_nano.a(libc_a-errno.o)
 .riscv.attributes
                0x00000130       0x1c /home/gilad/opt/riscv32/lib/gcc/riscv32-unknown-elf/15.1.0/../../../../riscv32-unknown-elf/lib/libc_nano.a(libc_a-init.o)
 .riscv.attributes
                0x0000014c       0x1c /home/gilad/opt/riscv32/lib/gcc/riscv32-unknown-elf/15.1.0/../../../../riscv32-unknown-elf/lib/libc_nano.a(libc_a-fini.o)
 .riscv.attributes
                0x00000168       0x1a /home/gilad/opt/riscv32/lib/gcc/riscv32-unknown-elf/15.1.0/../../../../riscv32-unknown-elf/lib/libc_nano.a(libc_a-memset.o)
 .riscv.attributes
                0x00000182       0x1a /home/gilad/opt/riscv32/lib/gcc/riscv32-unknown-elf/15.1.0/../../../../riscv32-unknown-elf/lib/libc_nano.a(libc_a-memcpy-asm.o)
 .riscv.attributes
                0x0000019c       0x1c /home/gilad/opt/riscv32/lib/gcc/riscv32-unknown-elf/15.1.0/../../../../riscv32-unknown-elf/lib/libc_nano.a(libc_a-__atexit.o)
 .riscv.attributes
                0x000001b8       0x1c /home/gilad/opt/riscv32/lib/gcc/riscv32-unknown-elf/15.1.0/../../../../riscv32-unknown-elf/lib/libc_nano.a(libc_a-__call_atexit.o)
 .riscv.attributes
                0x000001d4       0x1c /home/gilad/opt/riscv32/lib/gcc/riscv32-unknown-elf/15.1.0/../../../../riscv32-unknown-elf/lib/libc_nano.a(libc_a-mallocr.o)
 .riscv.attributes
                0x000001f0       0x1c /home/gilad/opt/riscv32/lib/gcc/riscv32-unknown-elf/15.1.0/../../../../riscv32-unknown-elf/lib/libc_nano.a(libc_a-mlock.o)
 .riscv.attributes
                0x0000020c       0x1c /home/gilad/opt/riscv32/lib/gcc/riscv32-unknown-elf/15.1.0/../../../../riscv32-unknown-elf/lib/libc_nano.a(libc_a-nano-vfprintf.o)
 .riscv.attributes
                0x00000228       0x1c /home/gilad/opt/riscv32/lib/gcc/riscv32-unknown-elf/15.1.0/../../../../riscv32-unknown-elf/lib/libc_nano.a(libc_a-nano-vfprintf_i.o)
 .riscv.attributes
                0x00000244       0x1c /home/gilad/opt/riscv32/lib/gcc/riscv32-unknown-elf/15.1.0/../../../../riscv32-unknown-elf/lib/libc_nano.a(libc_a-fflush.o)
 .riscv.attributes
                0x00000260       0x1c /home/gilad/opt/riscv32/lib/gcc/riscv32-unknown-elf/15.1.0/../../../../riscv32-unknown-elf/lib/libc_nano.a(libc_a-wbuf.o)
 .riscv.attributes
                0x0000027c       0x1c /home/gilad/opt/riscv32/lib/gcc/riscv32-unknown-elf/15.1.0/../../../../riscv32-unknown-elf/lib/libc_nano.a(libc_a-wsetup.o)
 .riscv.attributes
                0x00000298       0x1c /home/gilad/opt/riscv32/lib/gcc/riscv32-unknown-elf/15.1.0/../../../../riscv32-unknown-elf/lib/libc_nano.a(libc_a-memchr.o)
 .riscv.attributes
                0x000002b4       0x1c /home/gilad/opt/riscv32/lib/gcc/riscv32-unknown-elf/15.1.0/../../../../riscv32-unknown-elf/lib/libc_nano.a(libc_a-sbrkr.o)
 .riscv.attributes
                0x000002d0       0x1c /home/gilad/opt/riscv32/lib/gcc/riscv32-unknown-elf/15.1.0/../../../../riscv32-unknown-elf/lib/libc_nano.a(libc_a-freer.o)
 .riscv.attributes
                0x000002ec       0x1c /home/gilad/opt/riscv32/lib/gcc/riscv32-unknown-elf/15.1.0/../../../../riscv32-unknown-elf/lib/libc_nano.a(libc_a-makebuf.o)
 .riscv.attributes
                0x00000308       0x1c /home/gilad/opt/riscv32/lib/gcc/riscv32-unknown-elf/15.1.0/../../../../riscv32-unknown-elf/lib/libc_nano.a(libc_a-reent.o)
 .riscv.attributes
                0x00000324       0x1a /home/gilad/opt/riscv32/lib/gcc/riscv32-unknown-elf/15.1.0/libgcc.a(div.o)

.comment        0x00000000       0x2b
 .comment       0x00000000       0x2b simple.o
                                 0x1a (size before relaxing)
 .comment       0x0000002b        0x0 /home/gilad/opt/riscv32/lib/gcc/riscv32-unknown-elf/15.1.0/../../../../riscv32-unknown-elf/lib/libc_nano.a(libc_a-atexit.o)
                                 0x13 (size before relaxing)
 .comment       0x0000002b        0x0 /home/gilad/opt/riscv32/lib/gcc/riscv32-unknown-elf/15.1.0/../../../../riscv32-unknown-elf/lib/libc_nano.a(libc_a-exit.o)
                                 0x13 (size before relaxing)
 .comment       0x0000002b        0x0 /home/gilad/opt/riscv32/lib/gcc/riscv32-unknown-elf/15.1.0/../../../../riscv32-unknown-elf/lib/libc_nano.a(libc_a-findfp.o)
                                 0x13 (size before relaxing)
 .comment       0x0000002b        0x0 /home/gilad/opt/riscv32/lib/gcc/riscv32-unknown-elf/15.1.0/../../../../riscv32-unknown-elf/lib/libc_nano.a(libc_a-fwalk.o)
                                 0x13 (size before relaxing)
 .comment       0x0000002b        0x0 /home/gilad/opt/riscv32/lib/gcc/riscv32-unknown-elf/15.1.0/../../../../riscv32-unknown-elf/lib/libc_nano.a(libc_a-printf.o)
                                 0x13 (size before relaxing)
 .comment       0x0000002b        0x0 /home/gilad/opt/riscv32/lib/gcc/riscv32-unknown-elf/15.1.0/../../../../riscv32-unknown-elf/lib/libc_nano.a(libc_a-stdio.o)
                                 0x13 (size before relaxing)
 .comment       0x0000002b        0x0 /home/gilad/opt/riscv32/lib/gcc/riscv32-unknown-elf/15.1.0/../../../../riscv32-unknown-elf/lib/libc_nano.a(libc_a-impure.o)
                                 0x13 (size before relaxing)
 .comment       0x0000002b        0x0 /home/gilad/opt/riscv32/lib/gcc/riscv32-unknown-elf/15.1.0/../../../../riscv32-unknown-elf/lib/libc_nano.a(libc_a-errno.o)
                                 0x13 (size before relaxing)
 .comment       0x0000002b        0x0 /home/gilad/opt/riscv32/lib/gcc/riscv32-unknown-elf/15.1.0/../../../../riscv32-unknown-elf/lib/libc_nano.a(libc_a-init.o)
                                 0x13 (size before relaxing)
 .comment       0x0000002b        0x0 /home/gilad/opt/riscv32/lib/gcc/riscv32-unknown-elf/15.1.0/../../../../riscv32-unknown-elf/lib/libc_nano.a(libc_a-fini.o)
                                 0x13 (size before relaxing)
 .comment       0x0000002b        0x0 /home/gilad/opt/riscv32/lib/gcc/riscv32-unknown-elf/15.1.0/../../../../riscv32-unknown-elf/lib/libc_nano.a(libc_a-__atexit.o)
                                 0x13 (size before relaxing)
 .comment       0x0000002b        0x0 /home/gilad/opt/riscv32/lib/gcc/riscv32-unknown-elf/15.1.0/../../../../riscv32-unknown-elf/lib/libc_nano.a(libc_a-__call_atexit.o)
                                 0x13 (size before relaxing)
 .comment       0x0000002b        0x0 /home/gilad/opt/riscv32/lib/gcc/riscv32-unknown-elf/15.1.0/../../../../riscv32-unknown-elf/lib/libc_nano.a(libc_a-mallocr.o)
                                 0x13 (size before relaxing)
 .comment       0x0000002b        0x0 /home/gilad/opt/riscv32/lib/gcc/riscv32-unknown-elf/15.1.0/../../../../riscv32-unknown-elf/lib/libc_nano.a(libc_a-mlock.o)
                                 0x13 (size before relaxing)
 .comment       0x0000002b        0x0 /home/gilad/opt/riscv32/lib/gcc/riscv32-unknown-elf/15.1.0/../../../../riscv32-unknown-elf/lib/libc_nano.a(libc_a-nano-vfprintf.o)
                                 0x13 (size before relaxing)
 .comment       0x0000002b        0x0 /home/gilad/opt/riscv32/lib/gcc/riscv32-unknown-elf/15.1.0/../../../../riscv32-unknown-elf/lib/libc_nano.a(libc_a-nano-vfprintf_i.o)
                                 0x13 (size before relaxing)
 .comment       0x0000002b        0x0 /home/gilad/opt/riscv32/lib/gcc/riscv32-unknown-elf/15.1.0/../../../../riscv32-unknown-elf/lib/libc_nano.a(libc_a-fflush.o)
                                 0x13 (size before relaxing)
 .comment       0x0000002b        0x0 /home/gilad/opt/riscv32/lib/gcc/riscv32-unknown-elf/15.1.0/../../../../riscv32-unknown-elf/lib/libc_nano.a(libc_a-wbuf.o)
                                 0x13 (size before relaxing)
 .comment       0x0000002b        0x0 /home/gilad/opt/riscv32/lib/gcc/riscv32-unknown-elf/15.1.0/../../../../riscv32-unknown-elf/lib/libc_nano.a(libc_a-wsetup.o)
                                 0x13 (size before relaxing)
 .comment       0x0000002b        0x0 /home/gilad/opt/riscv32/lib/gcc/riscv32-unknown-elf/15.1.0/../../../../riscv32-unknown-elf/lib/libc_nano.a(libc_a-memchr.o)
                                 0x13 (size before relaxing)
 .comment       0x0000002b        0x0 /home/gilad/opt/riscv32/lib/gcc/riscv32-unknown-elf/15.1.0/../../../../riscv32-unknown-elf/lib/libc_nano.a(libc_a-sbrkr.o)
                                 0x13 (size before relaxing)
 .comment       0x0000002b        0x0 /home/gilad/opt/riscv32/lib/gcc/riscv32-unknown-elf/15.1.0/../../../../riscv32-unknown-elf/lib/libc_nano.a(libc_a-freer.o)
                                 0x13 (size before relaxing)
 .comment       0x0000002b        0x0 /home/gilad/opt/riscv32/lib/gcc/riscv32-unknown-elf/15.1.0/../../../../riscv32-unknown-elf/lib/libc_nano.a(libc_a-makebuf.o)
                                 0x13 (size before relaxing)
 .comment       0x0000002b        0x0 /home/gilad/opt/riscv32/lib/gcc/riscv32-unknown-elf/15.1.0/../../../../riscv32-unknown-elf/lib/libc_nano.a(libc_a-reent.o)
                                 0x13 (size before relaxing)

.note.GNU-stack
                0x00000000        0x0
 .note.GNU-stack
                0x00000000        0x0 simple.o
 .note.GNU-stack
                0x00000000        0x0 /home/gilad/opt/riscv32/lib/gcc/riscv32-unknown-elf/15.1.0/../../../../riscv32-unknown-elf/lib/libc_nano.a(libc_a-atexit.o)
 .note.GNU-stack
                0x00000000        0x0 /home/gilad/opt/riscv32/lib/gcc/riscv32-unknown-elf/15.1.0/../../../../riscv32-unknown-elf/lib/libc_nano.a(libc_a-exit.o)
 .note.GNU-stack
                0x00000000        0x0 /home/gilad/opt/riscv32/lib/gcc/riscv32-unknown-elf/15.1.0/../../../../riscv32-unknown-elf/lib/libc_nano.a(libc_a-findfp.o)
 .note.GNU-stack
                0x00000000        0x0 /home/gilad/opt/riscv32/lib/gcc/riscv32-unknown-elf/15.1.0/../../../../riscv32-unknown-elf/lib/libc_nano.a(libc_a-fwalk.o)
 .note.GNU-stack
                0x00000000        0x0 /home/gilad/opt/riscv32/lib/gcc/riscv32-unknown-elf/15.1.0/../../../../riscv32-unknown-elf/lib/libc_nano.a(libc_a-printf.o)
 .note.GNU-stack
                0x00000000        0x0 /home/gilad/opt/riscv32/lib/gcc/riscv32-unknown-elf/15.1.0/../../../../riscv32-unknown-elf/lib/libc_nano.a(libc_a-stdio.o)
 .note.GNU-stack
                0x00000000        0x0 /home/gilad/opt/riscv32/lib/gcc/riscv32-unknown-elf/15.1.0/../../../../riscv32-unknown-elf/lib/libc_nano.a(libc_a-impure.o)
 .note.GNU-stack
                0x00000000        0x0 /home/gilad/opt/riscv32/lib/gcc/riscv32-unknown-elf/15.1.0/../../../../riscv32-unknown-elf/lib/libc_nano.a(libc_a-errno.o)
 .note.GNU-stack
                0x00000000        0x0 /home/gilad/opt/riscv32/lib/gcc/riscv32-unknown-elf/15.1.0/../../../../riscv32-unknown-elf/lib/libc_nano.a(libc_a-init.o)
 .note.GNU-stack
                0x00000000        0x0 /home/gilad/opt/riscv32/lib/gcc/riscv32-unknown-elf/15.1.0/../../../../riscv32-unknown-elf/lib/libc_nano.a(libc_a-fini.o)
 .note.GNU-stack
                0x00000000        0x0 /home/gilad/opt/riscv32/lib/gcc/riscv32-unknown-elf/15.1.0/../../../../riscv32-unknown-elf/lib/libc_nano.a(libc_a-__atexit.o)
 .note.GNU-stack
                0x00000000        0x0 /home/gilad/opt/riscv32/lib/gcc/riscv32-unknown-elf/15.1.0/../../../../riscv32-unknown-elf/lib/libc_nano.a(libc_a-__call_atexit.o)
 .note.GNU-stack
                0x00000000        0x0 /home/gilad/opt/riscv32/lib/gcc/riscv32-unknown-elf/15.1.0/../../../../riscv32-unknown-elf/lib/libc_nano.a(libc_a-mallocr.o)
 .note.GNU-stack
                0x00000000        0x0 /home/gilad/opt/riscv32/lib/gcc/riscv32-unknown-elf/15.1.0/../../../../riscv32-unknown-elf/lib/libc_nano.a(libc_a-mlock.o)
 .note.GNU-stack
                0x00000000        0x0 /home/gilad/opt/riscv32/lib/gcc/riscv32-unknown-elf/15.1.0/../../../../riscv32-unknown-elf/lib/libc_nano.a(libc_a-nano-vfprintf.o)
 .note.GNU-stack
                0x00000000        0x0 /home/gilad/opt/riscv32/lib/gcc/riscv32-unknown-elf/15.1.0/../../../../riscv32-unknown-elf/lib/libc_nano.a(libc_a-nano-vfprintf_i.o)
 .note.GNU-stack
                0x00000000        0x0 /home/gilad/opt/riscv32/lib/gcc/riscv32-unknown-elf/15.1.0/../../../../riscv32-unknown-elf/lib/libc_nano.a(libc_a-fflush.o)
 .note.GNU-stack
                0x00000000        0x0 /home/gilad/opt/riscv32/lib/gcc/riscv32-unknown-elf/15.1.0/../../../../riscv32-unknown-elf/lib/libc_nano.a(libc_a-wbuf.o)
 .note.GNU-stack
                0x00000000        0x0 /home/gilad/opt/riscv32/lib/gcc/riscv32-unknown-elf/15.1.0/../../../../riscv32-unknown-elf/lib/libc_nano.a(libc_a-wsetup.o)
 .note.GNU-stack
                0x00000000        0x0 /home/gilad/opt/riscv32/lib/gcc/riscv32-unknown-elf/15.1.0/../../../../riscv32-unknown-elf/lib/libc_nano.a(libc_a-memchr.o)
 .note.GNU-stack
                0x00000000        0x0 /home/gilad/opt/riscv32/lib/gcc/riscv32-unknown-elf/15.1.0/../../../../riscv32-unknown-elf/lib/libc_nano.a(libc_a-sbrkr.o)
 .note.GNU-stack
                0x00000000        0x0 /home/gilad/opt/riscv32/lib/gcc/riscv32-unknown-elf/15.1.0/../../../../riscv32-unknown-elf/lib/libc_nano.a(libc_a-freer.o)
 .note.GNU-stack
                0x00000000        0x0 /home/gilad/opt/riscv32/lib/gcc/riscv32-unknown-elf/15.1.0/../../../../riscv32-unknown-elf/lib/libc_nano.a(libc_a-makebuf.o)
 .note.GNU-stack
                0x00000000        0x0 /home/gilad/opt/riscv32/lib/gcc/riscv32-unknown-elf/15.1.0/../../../../riscv32-unknown-elf/lib/libc_nano.a(libc_a-reent.o)

.debug_line     0x00000000      0x893
 .debug_line    0x00000000       0x9a crt0.o
 .debug_line    0x0000009a      0x62c simple.o
 .debug_line    0x000006c6       0x7a /home/gilad/opt/riscv32/lib/gcc/riscv32-unknown-elf/15.1.0/libgcc.a(muldi3.o)
 .debug_line    0x00000740      0x153 /home/gilad/opt/riscv32/lib/gcc/riscv32-unknown-elf/15.1.0/libgcc.a(div.o)

.debug_line_str
                0x00000000      0x20f
 .debug_line_str
                0x00000000      0x20f crt0.o
                                 0x22 (size before relaxing)
 .debug_line_str
                0x0000020f        0x0 simple.o
                                0x18d (size before relaxing)
 .debug_line_str
                0x0000020f        0x0 /home/gilad/opt/riscv32/lib/gcc/riscv32-unknown-elf/15.1.0/libgcc.a(muldi3.o)
                                 0x86 (size before relaxing)
 .debug_line_str
                0x0000020f        0x0 /home/gilad/opt/riscv32/lib/gcc/riscv32-unknown-elf/15.1.0/libgcc.a(div.o)
                                 0x83 (size before relaxing)

.debug_info     0x00000000     0x1003
 .debug_info    0x00000000       0x31 crt0.o
 .debug_info    0x00000031      0xf42 simple.o
 .debug_info    0x00000f73       0x31 /home/gilad/opt/riscv32/lib/gcc/riscv32-unknown-elf/15.1.0/libgcc.a(muldi3.o)
 .debug_info    0x00000fa4       0x5f /home/gilad/opt/riscv32/lib/gcc/riscv32-unknown-elf/15.1.0/libgcc.a(div.o)

.debug_abbrev   0x00000000      0x3cc
 .debug_abbrev  0x00000000       0x28 crt0.o
 .debug_abbrev  0x00000028      0x354 simple.o
 .debug_abbrev  0x0000037c       0x28 /home/gilad/opt/riscv32/lib/gcc/riscv32-unknown-elf/15.1.0/libgcc.a(muldi3.o)
 .debug_abbrev  0x000003a4       0x28 /home/gilad/opt/riscv32/lib/gcc/riscv32-unknown-elf/15.1.0/libgcc.a(div.o)

.debug_aranges  0x00000000       0x88
 .debug_aranges
                0x00000000       0x20 crt0.o
 .debug_aranges
                0x00000020       0x28 simple.o
 .debug_aranges
                0x00000048       0x20 /home/gilad/opt/riscv32/lib/gcc/riscv32-unknown-elf/15.1.0/libgcc.a(muldi3.o)
 .debug_aranges
                0x00000068       0x20 /home/gilad/opt/riscv32/lib/gcc/riscv32-unknown-elf/15.1.0/libgcc.a(div.o)

.debug_str      0x00000000      0x69a
 .debug_str     0x00000000      0x69a crt0.o
                                 0x35 (size before relaxing)
 .debug_str     0x0000069a        0x0 simple.o
                                0x636 (size before relaxing)
 .debug_str     0x0000069a        0x0 /home/gilad/opt/riscv32/lib/gcc/riscv32-unknown-elf/15.1.0/libgcc.a(muldi3.o)
                                 0x9b (size before relaxing)
 .debug_str     0x0000069a        0x0 /home/gilad/opt/riscv32/lib/gcc/riscv32-unknown-elf/15.1.0/libgcc.a(div.o)
                                 0xc8 (size before relaxing)

.debug_loclists
                0x00000000      0x26f
 .debug_loclists
                0x00000000      0x26f simple.o

.debug_rnglists
                0x00000000       0x26
 .debug_rnglists
                0x00000000       0x26 simple.o

.debug_frame    0x00000000      0x154
 .debug_frame   0x00000000      0x154 simple.o
